Flow report for v1
Wed Apr 10 14:20:02 2024
Quartus Prime Version 20.1.0 Build 711 06/05/2020 SJ Lite Edition


---------------------
; Table of Contents ;
---------------------
  1. Legal Notice
  2. Flow Summary
  3. Flow Settings
  4. Flow Non-Default Global Settings
  5. Flow Elapsed Time
  6. Flow OS Summary
  7. Flow Log
  8. Flow Messages
  9. Flow Suppressed Messages



----------------
; Legal Notice ;
----------------
Copyright (C) 2020  Intel Corporation. All rights reserved.
Your use of Intel Corporation's design tools, logic functions 
and other software and tools, and any partner logic 
functions, and any output files from any of the foregoing 
(including device programming or simulation files), and any 
associated documentation or information are expressly subject 
to the terms and conditions of the Intel Program License 
Subscription Agreement, the Intel Quartus Prime License Agreement,
the Intel FPGA IP License Agreement, or other applicable license
agreement, including, without limitation, that your use is for
the sole purpose of programming logic devices manufactured by
Intel and sold by Intel or its authorized distributors.  Please
refer to the applicable agreement for further details, at
https://fpgasoftware.intel.com/eula.



+----------------------------------------------------------------------------------+
; Flow Summary                                                                     ;
+------------------------------------+---------------------------------------------+
; Flow Status                        ; Successful - Wed Apr 10 14:19:56 2024       ;
; Quartus Prime Version              ; 20.1.0 Build 711 06/05/2020 SJ Lite Edition ;
; Revision Name                      ; v1                                          ;
; Top-level Entity Name              ; DE10_LITE_Golden_Top                        ;
; Family                             ; MAX 10                                      ;
; Device                             ; 10M50DAF484C6GES                            ;
; Timing Models                      ; Preliminary                                 ;
; Total logic elements               ; 947 / 49,760 ( 2 % )                        ;
;     Total combinational functions  ; 934 / 49,760 ( 2 % )                        ;
;     Dedicated logic registers      ; 305 / 49,760 ( < 1 % )                      ;
; Total registers                    ; 305                                         ;
; Total pins                         ; 185 / 360 ( 51 % )                          ;
; Total virtual pins                 ; 0                                           ;
; Total memory bits                  ; 0 / 1,677,312 ( 0 % )                       ;
; Embedded Multiplier 9-bit elements ; 0 / 288 ( 0 % )                             ;
; Total PLLs                         ; 1 / 4 ( 25 % )                              ;
; UFM blocks                         ; 0 / 1 ( 0 % )                               ;
; ADC blocks                         ; 0 / 2 ( 0 % )                               ;
+------------------------------------+---------------------------------------------+


+-----------------------------------------+
; Flow Settings                           ;
+-------------------+---------------------+
; Option            ; Setting             ;
+-------------------+---------------------+
; Start date & time ; 04/10/2024 14:19:20 ;
; Main task         ; Compilation         ;
; Revision Name     ; v1                  ;
+-------------------+---------------------+


+----------------------------------------------------------------------------------------------------------------------------------+
; Flow Non-Default Global Settings                                                                                                 ;
+-------------------------------------+----------------------------------------+---------------+----------------------+------------+
; Assignment Name                     ; Value                                  ; Default Value ; Entity Name          ; Section Id ;
+-------------------------------------+----------------------------------------+---------------+----------------------+------------+
; COMPILER_SIGNATURE_ID               ; 88623635778098.171277316007216         ; --            ; --                   ; --         ;
; MAX_CORE_JUNCTION_TEMP              ; 85                                     ; --            ; --                   ; --         ;
; MIN_CORE_JUNCTION_TEMP              ; 0                                      ; --            ; --                   ; --         ;
; MISC_FILE                           ; ip/pll_inst.v                          ; --            ; --                   ; --         ;
; MISC_FILE                           ; ip/pll_bb.v                            ; --            ; --                   ; --         ;
; MISC_FILE                           ; ip/pll.ppf                             ; --            ; --                   ; --         ;
; PARTITION_COLOR                     ; -- (Not supported for targeted family) ; --            ; DE10_LITE_Golden_Top ; Top        ;
; PARTITION_FITTER_PRESERVATION_LEVEL ; -- (Not supported for targeted family) ; --            ; DE10_LITE_Golden_Top ; Top        ;
; PARTITION_NETLIST_TYPE              ; -- (Not supported for targeted family) ; --            ; DE10_LITE_Golden_Top ; Top        ;
; POWER_BOARD_THERMAL_MODEL           ; None (CONSERVATIVE)                    ; --            ; --                   ; --         ;
; POWER_PRESET_COOLING_SOLUTION       ; 23 MM HEAT SINK WITH 200 LFPM AIRFLOW  ; --            ; --                   ; --         ;
; PROJECT_OUTPUT_DIRECTORY            ; output_files                           ; --            ; --                   ; --         ;
; TOP_LEVEL_ENTITY                    ; DE10_LITE_Golden_Top                   ; v1            ; --                   ; --         ;
+-------------------------------------+----------------------------------------+---------------+----------------------+------------+


+--------------------------------------------------------------------------------------------------------------------------+
; Flow Elapsed Time                                                                                                        ;
+----------------------+--------------+-------------------------+---------------------+------------------------------------+
; Module Name          ; Elapsed Time ; Average Processors Used ; Peak Virtual Memory ; Total CPU Time (on all processors) ;
+----------------------+--------------+-------------------------+---------------------+------------------------------------+
; Analysis & Synthesis ; 00:00:12     ; 1.0                     ; 4783 MB             ; 00:00:21                           ;
; Fitter               ; 00:00:18     ; 1.1                     ; 5656 MB             ; 00:00:24                           ;
; Assembler            ; 00:00:04     ; 1.0                     ; 4695 MB             ; 00:00:03                           ;
; Timing Analyzer      ; 00:00:05     ; 1.2                     ; 4832 MB             ; 00:00:05                           ;
; Total                ; 00:00:39     ; --                      ; --                  ; 00:00:53                           ;
+----------------------+--------------+-------------------------+---------------------+------------------------------------+


+------------------------------------------------------------------------------------+
; Flow OS Summary                                                                    ;
+----------------------+------------------+------------+------------+----------------+
; Module Name          ; Machine Hostname ; OS Name    ; OS Version ; Processor type ;
+----------------------+------------------+------------+------------+----------------+
; Analysis & Synthesis ; DESKTOP-769G9T5  ; Windows 10 ; 10.0       ; x86_64         ;
; Fitter               ; DESKTOP-769G9T5  ; Windows 10 ; 10.0       ; x86_64         ;
; Assembler            ; DESKTOP-769G9T5  ; Windows 10 ; 10.0       ; x86_64         ;
; Timing Analyzer      ; DESKTOP-769G9T5  ; Windows 10 ; 10.0       ; x86_64         ;
+----------------------+------------------+------------+------------+----------------+


------------
; Flow Log ;
------------
quartus_map --read_settings_files=on --write_settings_files=off Final_Project -c v1
quartus_fit --read_settings_files=off --write_settings_files=off Final_Project -c v1
quartus_asm --read_settings_files=off --write_settings_files=off Final_Project -c v1
quartus_sta Final_Project -c v1



